// Vitest Snapshot v1, https://vitest.dev/guide/snapshot.html

exports[`ProductCard > renders car details correctly 1`] = `
{
  "asFragment": [Function],
  "baseElement": <body>
    <div>
      <div
        class="product-card"
      >
        <img
          alt="Land Rover Range Rover Sport V6 SE"
          class="product-image"
          src="/src/assets/default-car.svg"
        />
        <h2
          class="product-title"
        >
          Land Rover Range Rover Sport V6 SE
        </h2>
        <p
          class="product-details"
        >
          <span
            class="km"
          >
            1,100
             km 
          </span>
           |
          <span
            class="fuel"
          >
            Petrol
             
          </span>
           |
          <span
            class="cityname"
          >
            Mumbai
          </span>
        </p>
        <p
          class="product-price"
        >
          98 Lakh
        </p>
        <button
          class="product-button"
        >
          Get Seller Details
        </button>
      </div>
    </div>
  </body>,
  "container": <div>
    <div
      class="product-card"
    >
      <img
        alt="Land Rover Range Rover Sport V6 SE"
        class="product-image"
        src="/src/assets/default-car.svg"
      />
      <h2
        class="product-title"
      >
        Land Rover Range Rover Sport V6 SE
      </h2>
      <p
        class="product-details"
      >
        <span
          class="km"
        >
          1,100
           km 
        </span>
         |
        <span
          class="fuel"
        >
          Petrol
           
        </span>
         |
        <span
          class="cityname"
        >
          Mumbai
        </span>
      </p>
      <p
        class="product-price"
      >
        98 Lakh
      </p>
      <button
        class="product-button"
      >
        Get Seller Details
      </button>
    </div>
  </div>,
  "debug": [Function],
  "findAllByAltText": [Function],
  "findAllByDisplayValue": [Function],
  "findAllByLabelText": [Function],
  "findAllByPlaceholderText": [Function],
  "findAllByRole": [Function],
  "findAllByTestId": [Function],
  "findAllByText": [Function],
  "findAllByTitle": [Function],
  "findByAltText": [Function],
  "findByDisplayValue": [Function],
  "findByLabelText": [Function],
  "findByPlaceholderText": [Function],
  "findByRole": [Function],
  "findByTestId": [Function],
  "findByText": [Function],
  "findByTitle": [Function],
  "getAllByAltText": [Function],
  "getAllByDisplayValue": [Function],
  "getAllByLabelText": [Function],
  "getAllByPlaceholderText": [Function],
  "getAllByRole": [Function],
  "getAllByTestId": [Function],
  "getAllByText": [Function],
  "getAllByTitle": [Function],
  "getByAltText": [Function],
  "getByDisplayValue": [Function],
  "getByLabelText": [Function],
  "getByPlaceholderText": [Function],
  "getByRole": [Function],
  "getByTestId": [Function],
  "getByText": [Function],
  "getByTitle": [Function],
  "queryAllByAltText": [Function],
  "queryAllByDisplayValue": [Function],
  "queryAllByLabelText": [Function],
  "queryAllByPlaceholderText": [Function],
  "queryAllByRole": [Function],
  "queryAllByTestId": [Function],
  "queryAllByText": [Function],
  "queryAllByTitle": [Function],
  "queryByAltText": [Function],
  "queryByDisplayValue": [Function],
  "queryByLabelText": [Function],
  "queryByPlaceholderText": [Function],
  "queryByRole": [Function],
  "queryByTestId": [Function],
  "queryByText": [Function],
  "queryByTitle": [Function],
  "rerender": [Function],
  "unmount": [Function],
}
`;
